{0: 'ReplicaExchange_SwapSuccessRatio', 1: 'ReplicaExchange_MinTempFrequency', 2: 'MonteCarlo_Acceptance_BallMover5_7', 3: 'MonteCarlo_Nframe', 4: 'MonteCarlo_Acceptance_BallMover2_3', 5: 'Total_Score', 6: 'rmf_frame_index', 7: 'ReplicaExchange_MaxTempFrequency', 8: 'rmf_file', 'STAT2HEADER_IMP_VERSIONS': "{'PMI_VERSION': 'develop-8e951a0', 'ISD_EMXL_VERSION': 'master-f092d9c', 'IMP_VERSION': 'develop-783ffaa'}", 10: 'MonteCarlo_Acceptance_BallMover0_1', 11: 'MonteCarlo_Acceptance_BallMover3_5', 12: 'Stopwatch_None_delta_seconds', 13: 'MonteCarlo_Acceptance_created rigid body mover_0', 14: 'ReplicaExchange_CurrentTemp', 15: 'MonteCarlo_Acceptance_created rigid body mover_4', 16: 'MonteCarlo_Acceptance_BallMover4_6', 17: 'MonteCarlo_Acceptance_BallMover1_2', 9: 'MonteCarlo_Temperature', 'STAT2HEADER': 'STAT2HEADER', 'STAT2HEADER_ENVIRON': "{'TERM_PROGRAM_VERSION': '361.1', 'GMXDATA': '/usr/local/gromacs/share/gromacs', 'LOGNAME': 'cgreen', 'USER': 'cgreen', 'IMP_BIN_DIR': '/Users/cgreen/imp_debug/bin', 'PATH': '/Users/cgreen/imp_debug/bin:/Users/cgreen/imp_debug/module_bin/EMageFit:/Users/cgreen/imp_debug/module_bin/algebra:/Users/cgreen/imp_debug/module_bin/atom:/Users/cgreen/imp_debug/module_bin/benchmark:/Users/cgreen/imp_debug/module_bin/cgal:/Users/cgreen/imp_debug/module_bin/cnmultifit:/Users/cgreen/imp_debug/module_bin/container:/Users/cgreen/imp_debug/module_bin/core:/Users/cgreen/imp_debug/module_bin/display:/Users/cgreen/imp_debug/module_bin/domino:/Users/cgreen/imp_debug/module_bin/em:/Users/cgreen/imp_debug/module_bin/em2d:/Users/cgreen/imp_debug/module_bin/example:/Users/cgreen/imp_debug/module_bin/foxs:/Users/cgreen/imp_debug/module_bin/gsl:/Users/cgreen/imp_debug/module_bin/integrative_docking:/Users/cgreen/imp_debug/module_bin/isd:/Users/cgreen/imp_debug/module_bin/isd_emxl:/Users/cgreen/imp_debug/module_bin/kernel:/Users/cgreen/imp_debug/module_bin/kinematics:/Users/cgreen/imp_debug/module_bin/kmeans:/Users/cgreen/imp_debug/module_bin/misc:/Users/cgreen/imp_debug/module_bin/modeller:/Users/cgreen/imp_debug/module_bin/mpi:/Users/cgreen/imp_debug/module_bin/multi_state:/Users/cgreen/imp_debug/module_bin/multifit:/Users/cgreen/imp_debug/module_bin/multifit2:/Users/cgreen/imp_debug/module_bin/parallel:/Users/cgreen/imp_debug/module_bin/pepdock:/Users/cgreen/imp_debug/module_bin/pmi:/Users/cgreen/imp_debug/module_bin/rmf:/Users/cgreen/imp_debug/module_bin/rotamer:/Users/cgreen/imp_debug/module_bin/saxs:/Users/cgreen/imp_debug/module_bin/saxs_merge:/Users/cgreen/imp_debug/module_bin/score_functor:/Users/cgreen/imp_debug/module_bin/scratch:/Users/cgreen/imp_debug/module_bin/statistics:/Users/cgreen/imp_debug/module_bin/symmetry:/Users/cgreen/imp_debug/module_bin/test:/Users/cgreen/imp_debug/bin:/Users/cgreen/imp_debug/bin:/usr/local/sbin:/Users/cgreen/imp/modules/pmi/pyext/src:/Users/cgreen/software/Situs_2.6.3/bin:/Users/cgreen/software/namd/bin:/Users/cgreen/software/bin:/usr/local/gromacs/bin:/usr/local/bin:/usr/bin:/bin:/usr/sbin:/sbin:/opt/X11/bin:/Library/TeX/texbin:/Users/cgreen/software/frealign_v9.09/bin_OSX', 'DISPLAY': '/private/tmp/com.apple.launchd.xwAo3wFwGF/org.macosforge.xquartz:0', 'TERM_PROGRAM': 'Apple_Terminal', 'LANG': 'en_US.UTF-8', 'TERM': 'xterm-256color', 'SHELL': '/bin/bash', 'SHLVL': '1', 'IMP_DATA': '/Users/cgreen/imp_debug/data', 'IMP_EXAMPLE_DATA': '/Users/cgreen/imp_debug/doc/examples', 'XPC_FLAGS': '0x0', 'IMP_TMP_DIR': '/Users/cgreen/imp_debug/tmp', 'EDITOR': 'emacs', 'MANPATH': '/usr/local/gromacs/share/man:', 'ARDMK_DIR': '/opt/local/share/Arduino-Makefile', 'HOME': '/Users/cgreen', 'PYOPENCL_CTX': '1', 'LSCOLORS': 'dxfxcxdxbxegedabagacad', 'TERM_SESSION_ID': '9F213003-F0E1-411F-A044-FA95975DCE77', 'XPC_SERVICE_NAME': '0', 'PYTHONPATH': '/Users/cgreen/imp_debug/lib:/Users/cgreen/imp_debug/lib::/Library/modeller-9.12/modlib/:/Library/modeller-9.12/lib/mac10v4/:/usr/local/Cellar/mdt/5.2/lib/python2.7/site-packages/', 'SSH_AUTH_SOCK': '/private/tmp/com.apple.launchd.frX8yOredo/Listeners', 'DYLD_LIBRARY_PATH': '/Users/cgreen/imp_debug/lib:/Users/cgreen/imp_debug/lib:', 'IMP': '/Users/cgreen/imp', 'VISUAL': 'emacs', 'Apple_PubSub_Socket_Render': '/private/tmp/com.apple.launchd.vknZ4nvQiS/Render', 'PKG_CONFIG_PATH': '/usr/local/gromacs/lib/pkgconfig', 'GMXLDLIB': '/usr/local/gromacs/lib', 'TMPDIR': '/var/folders/tb/b1_3lfh50d9f68c7h72hhnl80000gn/T/', 'ARDUINO_DIR': '/Applications/Arduino.app/Contents/Resources/Java', 'IMPDEBUG': '/Users/cgreen/imp_debug/setup_environment.sh', 'GMXMAN': '/usr/local/gromacs/share/man', '__CF_USER_TEXT_ENCODING': '0x1F5:0x0:0x0', 'PWD': '/Users/cgreen/imp/modules/pmi/test', 'IMPFAST': '/Users/cgreen/imp_fast/setup_environment.sh', 'GMXBIN': '/usr/local/gromacs/bin'}"} 
{0: '0', 1: '0', 2: '1.0', 3: '0', 4: '1.0', 5: '0.0', 6: 0, 7: '0', 8: 'pmi2_copies_0/rmfs//0.rmf3', 9: '1.0', 10: '1.0', 11: '1.0', 12: '0.035493', 13: '1.0', 14: '1.0', 15: '1.0', 16: '1.0', 17: '1.0'} 
